Uncaught exception of type NameError: Unknown member operator_arrow_equals in object of type Null: 
Uncaught exception of type NameError: Unknown member operator_arrow in object of type Null: 
Uncaught exception of type NameError: Unknown member operator_arrow_equals in object of type Null: 
Uncaught exception of type NameError: Unknown member operator_arrow in object of type Null: 
