@object <Foo> [
bar <public,non-static,non-constant>: @function <user>: 
baz <private,non-static,non-constant>: @int 42
finalize <public,non-static,non-constant>: @function <library>: 
inherit <public,non-static,non-constant>: @function <library>: 
initialize <public,non-static,non-constant>: @function <library>: 
isA <public,non-static,non-constant>: @function <library>: 
new <public,non-static,non-constant>: @function <library>: 
toString <public,non-static,non-constant>: @function <library>: 
useprivate <public,non-static,non-constant>: @function <user>: 
]
Uncaught exception of type ConstError: Cannot set constant member this in object of type Function: 0x10020f7c8
@object <Foo> [
bar <public,non-static,non-constant>: @function <user>: 
baz <private,non-static,non-constant>: @int 42
finalize <public,non-static,non-constant>: @function <library>: 
inherit <public,non-static,non-constant>: @function <library>: 
initialize <public,non-static,non-constant>: @function <library>: 
isA <public,non-static,non-constant>: @function <library>: 
new <public,non-static,non-constant>: @function <library>: 
toString <public,non-static,non-constant>: @function <library>: 
useprivate <public,non-static,non-constant>: @function <user>: 
]
@object <Foo> [
bar <public,non-static,non-constant>: @function <user>: 
baz <private,non-static,non-constant>: @int 42
finalize <public,non-static,non-constant>: @function <library>: 
inherit <public,non-static,non-constant>: @function <library>: 
initialize <public,non-static,non-constant>: @function <library>: 
isA <public,non-static,non-constant>: @function <library>: 
new <public,non-static,non-constant>: @function <library>: 
toString <public,non-static,non-constant>: @function <library>: 
useprivate <public,non-static,non-constant>: @function <user>: 
]
@int 42
(null)
