%%stdout%%
@object <TypeError> [
	message <public,non-constant>: @string "Range members must have the same type: String"
	type <public,non-constant>: @class String [
		Builder <public,non-constant>: @class String.Builder [
			operator() <public,non-constant>: @function <library>: 
		]
		Iterator <public,non-constant>: @class String.Iterator [
			operator() <public,non-constant>: @function <library>: 
		]
		operator() <public,non-constant>: @function <library>: 
	]
]
%%stderr%%
Uncaught exception of type TypeError: <TypeError: Range members must have the same type: Array>
