%%stdout%%
@object <TypeError> [
	message <public,non-static,non-constant>: @string "Range members must have the same type"
	type <public,non-static,non-constant>: @object <String> [
		Builder <public,non-static,non-constant>: @object <String.Builder> [
			new <public,non-static,non-constant>: @function <library>: 
			operator<< <public,non-static,non-constant>: @function <library>: 
			toString <public,non-static,non-constant>: @function <library>: 
		]
		Iterator <public,non-static,non-constant>: @object <String.Iterator> [
			hasNext <public,non-static,non-constant>: @function <library>: 
			initialize <public,non-static,non-constant>: @function <library>: 
			next <public,non-static,non-constant>: @function <library>: 
			peek <public,non-static,non-constant>: @function <library>: 
		]
		charAtPosition <public,non-static,non-constant>: @function <library>: 
		compare <public,non-static,non-constant>: @function <library>: 
		getIterator <public,non-static,non-constant>: @function <library>: 
		initialize <public,non-static,non-constant>: @function <library>: 
		length <public,non-static,non-constant>: @function <library>: 
		operator+ <public,non-static,non-constant>: @function <library>: 
		operator-> <public,non-static,non-constant>: @function <library>: 
		toBool <public,non-static,non-constant>: @function <library>: 
		toFloat <public,non-static,non-constant>: @function <library>: 
		toInteger <public,non-static,non-constant>: @function <library>: 
		toRange <public,non-static,non-constant>: @function <library>: 
		toString <public,non-static,non-constant>: @function <library>: 
		trim <public,non-static,non-constant>: @function <library>: 
	]
]
%%stderr%%
Uncaught exception of type TypeError: Range members must have the same type: Array
