%%stdout%%
Too bad, that did not work
@object <A> [
]
@class A [
	A <public,non-constant>: @class A [
	]
	exception <public,non-constant>: @object <NameError> [
		message <public,non-constant>: @string "Unknown member A in object of type Class: (class <A>)"
		name <public,non-constant>: @string "A"
		object <public,non-constant>: (recursion)
	]
]
%%stderr%%
