2
meh
@object <Foo> [
bar <public,non-static,non-constant>: @int 3
baz <private,non-static,non-constant>: null
finalize <public,non-static,non-constant>: @function <library>: 
inherit <public,non-static,non-constant>: @function <library>: 
initialize <public,non-static,non-constant>: @function <library>: 
mah <private,non-static,non-constant>: @function <user>: n
meh <public,non-static,non-constant>: @function <user>: n
new <public,non-static,non-constant>: @function <library>: 
toString <public,non-static,non-constant>: @function <library>: 
]
3
@function <user>: n
42
Calling a private method
No such object member: mah: EH notice
2
