%%stdout%%
@map [
	@string "_ehphp"
	 => @bool true
	@string "a"
	 => @bool true
	@string "b"
	 => @bool true
	@string "bam"
	 => @array [
		@int 3
		@int 4
	]
	@string "c"
	 => @int 42
	@string "d"
	 => @bool true
	@string "e"
	 => @bool true
	@string "f"
	 => @int 42
	@string "foo"
	 => @string "bar"
	@string "foox"
	 => @string "barx"
	@string "g"
	 => @int 42
	@string "h"
	 => @int 42
	@string "test"
	 => @bool true
]
@map [
	@int 0
	 => @string "foo"
	@int 1
	 => @string "bar"
	@string "_ehphp"
	 => @bool true
]
%%stderr%%
