%%stdout-regex%%
Number of pools: \d+
Allocated blocks: \d+
3
3
Number of pools: \d+
Allocated blocks: \d+
Number of pools: \d+
Allocated blocks: \d+
@object <Map> \[
\]
@bool false
%%stderr%%
Uncaught exception of type NameError: Unknown member operator-> in object of type GlobalObject: (global execution context)
