%%stdout%%
Number of pools: 1
Allocated blocks: 215
3
3
Number of pools: 1
Allocated blocks: 218
Number of pools: 1
Allocated blocks: 219
@object <CountClass> [
]
@int 1
%%stderr%%
Uncaught exception of type NameError: Unknown member operator-> in object of type GlobalObject: (global execution context)
