@array [
0 => @int 1
1 => @int 42
]
Uncaught exception of type NameError: Unknown member toArray in object of type String: string
Uncaught exception of type NameError: Unknown member toArray in object of type Integer: 42
Uncaught exception of type NameError: Unknown member toArray in object of type Bool: true
@range [
@int 1
@int 42
]
Uncaught exception of type NameError: Unknown member toRange in object of type Integer: 42
Uncaught exception of type NameError: Unknown member toBool in object of type Array: 0x100801ccc
Uncaught exception of type NameError: Unknown member toBool in object of type Array: 0x100801dbc
