%%stdout%%
@array [
	@string "T_SEPARATOR"
	@string "T_SEPARATOR"
	@string "T_VARIABLE"
	@string "("
	@string "T_VARIABLE"
	@string "."
	@string "T_VARIABLE"
	@string "("
	@string "T_VARIABLE"
	@string "."
	@string "T_VARIABLE"
	@string "("
	@string "T_VARIABLE"
	@string "T_ARROW"
	@string "T_INTEGER"
	@string ")"
	@string ")"
	@string ")"
	@string "T_SEPARATOR"
]
%%stderr%%
