%%stdout%%
@array [
	0 => @string "T_SEPARATOR"
	1 => @string "T_SEPARATOR"
	2 => @string "T_VARIABLE"
	3 => @string "("
	4 => @string "T_VARIABLE"
	5 => @string "."
	6 => @string "T_VARIABLE"
	7 => @string "("
	8 => @string "T_VARIABLE"
	9 => @string "."
	10 => @string "T_VARIABLE"
	11 => @string "("
	12 => @string "T_VARIABLE"
	13 => @string "T_ARROW"
	14 => @string "T_INTEGER"
	15 => @string ")"
	16 => @string ")"
	17 => @string ")"
	18 => @string "T_SEPARATOR"
]
%%stderr%%
