%%stdout%%
Testing echo, then printvar
Enum class
enum List
	Cons(head, tail), Nil
end
@object <Enum> [
Cons <public,non-static,constant>: @object <Member> [
]
Nil <public,non-static,constant>: @object <Member> [
]
prototype <public,non-static,constant>: @object <Null> [
]
]
Enum nullary member
Nil
@object <Member> [
]
Enum member with arguments
Cons(head, tail)
@object <Member> [
]
Enum instance
Cons(3, Nil)
@object <Instance> [
head <public,non-static,constant>: @int 3
tail <public,non-static,constant>: @object <Member> [
]
]
Enum instance members
3
@object <Member> [
]
%%stderr%%
