%%stdout%%
Testing echo, then printvar
Enum class
enum List
	Nil, Cons(head, tail)
end
@class List [
	Cons <public,constant>: @enum constructor Cons <List>: head, tail
	Nil <public,constant>: @enum instance Nil <List> [
	]
]
Enum nullary member
Nil
@enum instance Nil <List> [
]
Enum member with arguments
Cons(head, tail)
@enum constructor Cons <List>: head, tail
Enum instance
Cons(3, Nil)
@enum instance Cons <List> [
	head: @int 3
	tail: @enum instance Nil <List> [
	]
]
Enum instance members
3
@enum instance Nil <List> [
]
%%stderr%%
