3
Uncaught exception of type ConstError: Cannot set constant member foo in object of type Null: 0x10020eb58
3
5
@object <Bar> [
finalize <public,non-static,non-constant>: @function <library>: 
inherit <public,non-static,non-constant>: @function <library>: 
initialize <public,non-static,non-constant>: @function <library>: 
isA <public,non-static,non-constant>: @function <library>: 
mah <public,non-static,non-constant>: @int 42
new <public,non-static,non-constant>: @function <library>: 
toString <public,non-static,non-constant>: @function <library>: 
]
