%%stdout%%
null
@int 3
@array [
]
@hash [
]
@extended tuple <1> [
	@int 3
	"foo": @string "bar"
]
@class (anonymous class) [
	baz <public,non-constant>: @int 5
	spam <public,constant>: @function <user>: ()
]
3
4::[]
34::[]
Oh no! I could not handle this exception
%%stderr%%
Exception occurred while handling uncaught exception
