%%stdout%%
@string "f"
@string "o"
@string "o"
@int 1
@int 2
@int 3
@tuple <2> [
	@string "foo"
	@string "bar"
]
@tuple <2> [
	@int 0
	@int 1
]
@tuple <2> [
	@int 1
	@int 2
]
@tuple <2> [
	@int 2
	@int 3
]
Key is baz
Value is mah
Key is foo
Value is bar
@int 1
@int 2
@int 3
@int 0
@int 1
@int 2
@int 3
@int 4
%%stderr%%
