%%arguments%%
10 100 10
%%stdout%%
bucket sort
mergesort
quicksort
bucket sort
mergesort
quicksort
bucket sort
mergesort
quicksort
bucket sort
mergesort
quicksort
bucket sort
mergesort
quicksort
bucket sort
mergesort
quicksort
bucket sort
mergesort
quicksort
bucket sort
mergesort
quicksort
bucket sort
mergesort
quicksort
bucket sort
mergesort
quicksort
