@object <Foo> [
baz <private,non-static,constant>: @int 42
compare <public,non-static,non-constant>: @function <library>: 
finalize <public,non-static,non-constant>: @function <library>: 
foo <public,non-static,non-constant>: @function <user>: 
inherit <public,non-static,non-constant>: @function <library>: 
initialize <public,non-static,non-constant>: @function <library>: 
isA <public,non-static,non-constant>: @function <library>: 
new <public,non-static,non-constant>: @function <library>: 
operator_compare <public,non-static,non-constant>: @function <library>: 
operator_equals <public,non-static,non-constant>: @function <library>: 
operator_gt <public,non-static,non-constant>: @function <library>: 
operator_gte <public,non-static,non-constant>: @function <library>: 
operator_lt <public,non-static,non-constant>: @function <library>: 
operator_lte <public,non-static,non-constant>: @function <library>: 
operator_ne <public,non-static,non-constant>: @function <library>: 
quuz <private,non-static,constant>: @int 42
toString <public,non-static,non-constant>: @function <library>: 
]
Uncaught exception of type ConstError: Cannot set constant member baz in object of type Function: func: -> <user code>
@object <Foo> [
baz <private,non-static,constant>: @int 42
compare <public,non-static,non-constant>: @function <library>: 
finalize <public,non-static,non-constant>: @function <library>: 
foo <public,non-static,non-constant>: @function <user>: 
inherit <public,non-static,non-constant>: @function <library>: 
initialize <public,non-static,non-constant>: @function <library>: 
isA <public,non-static,non-constant>: @function <library>: 
new <public,non-static,non-constant>: @function <library>: 
operator_compare <public,non-static,non-constant>: @function <library>: 
operator_equals <public,non-static,non-constant>: @function <library>: 
operator_gt <public,non-static,non-constant>: @function <library>: 
operator_gte <public,non-static,non-constant>: @function <library>: 
operator_lt <public,non-static,non-constant>: @function <library>: 
operator_lte <public,non-static,non-constant>: @function <library>: 
operator_ne <public,non-static,non-constant>: @function <library>: 
quuz <private,non-static,constant>: @int 42
toString <public,non-static,non-constant>: @function <library>: 
]
