@string '1 to 3'
@bool false
Uncaught exception of type NameError: Unknown member toBool in object of type Function: func: n -> <user code>
Uncaught exception of type NameError: Unknown member toRange in object of type Float: 3.140000
Uncaught exception of type NameError: Unknown member toArray in object of type Null: 
