%%stdout%%
<TypeError: Invalid type for argument to Array.operator->= (expected Integer): Float>
<TypeError: Invalid type for argument to Array.operator-> (expected Integer): Range>
<TypeError: Invalid type for argument to Hash.operator->= (expected String): Integer>
<TypeError: Invalid type for argument to Hash.operator-> (expected String): Integer>
<NameError: Unknown member operator->= in object of type Tuple: (1, 2)>
<TypeError: Invalid type for argument to Tuple.operator-> (expected Integer): String>
%%stderr%%
