Test 1
Uncaught exception of type ArgumentError: Argument out of range (method String.operator->): 2010
Test 2
Uncaught exception of type NameError: Unknown member data in object of type GlobalObject: (global execution context)
Uncaught exception of type NameError: Unknown member data in object of type GlobalObject: (global execution context)
Test 3
Uncaught exception of type NameError: Unknown member data in object of type GlobalObject: (global execution context)
Test 4
Uncaught exception of type NameError: Unknown member data in object of type GlobalObject: (global execution context)
Test 5
Uncaught exception of type NameError: Unknown member data in object of type GlobalObject: (global execution context)
Test 6
Uncaught exception of type ArgumentError: Argument out of range (method String.operator->): 2010
