Test 1
Invalid value for argument 0 to String.operator->: EH notice
(null)
Test 2
No such object member: operator_arrow_equals: EH notice
Test 3
No such object member: operator_arrow: EH notice
No such object member: operator_arrow_equals: EH notice
Test 4
Invalid value for argument 0 to String.operator->: EH notice
No such object member: operator_arrow: EH notice
(null)
Test 5
No such object member: operator_arrow: EH notice
Unsupported type null for array index: EH notice
Test 6
Invalid value for argument 0 to String.operator->: EH notice
Uncaught exception of type TypeError: For-as loop: Null
