@bool true
null
@object <Foo> [
finalize <public,non-static,non-constant>: @function <library>: 
inherit <public,non-static,non-constant>: @function <library>: 
initialize <public,non-static,non-constant>: @function <user>: 
new <public,non-static,non-constant>: @function <library>: 
new_ <public,non-static,non-constant>: @function <user>: 
toString <public,non-static,non-constant>: @function <library>: 
]
@object <Null> [
finalize <public,non-static,non-constant>: @function <library>: 
inherit <public,non-static,non-constant>: @function <library>: 
initialize <public,non-static,non-constant>: @function <library>: 
new <public,non-static,non-constant>: @function <library>: 
toBool <public,non-static,non-constant>: @function <library>: 
toString <public,non-static,non-constant>: @function <library>: 
]
