@bool true
null
@object <Foo> [
compare <public,non-static,non-constant>: @function <library>: 
finalize <public,non-static,non-constant>: @function <library>: 
inherit <public,non-static,non-constant>: @function <library>: 
initialize <public,non-static,non-constant>: @function <user>: 
isA <public,non-static,non-constant>: @function <library>: 
new <public,non-static,non-constant>: @function <library>: 
new_ <public,non-static,non-constant>: @function <user>: 
operator!= <public,non-static,non-constant>: @function <library>: 
operator< <public,non-static,non-constant>: @function <library>: 
operator<= <public,non-static,non-constant>: @function <library>: 
operator<=> <public,non-static,non-constant>: @function <library>: 
operator== <public,non-static,non-constant>: @function <library>: 
operator> <public,non-static,non-constant>: @function <library>: 
operator>= <public,non-static,non-constant>: @function <library>: 
toString <public,non-static,non-constant>: @function <library>: 
]
@object <Null> [
compare <public,non-static,non-constant>: @function <library>: 
finalize <public,non-static,non-constant>: @function <library>: 
inherit <public,non-static,non-constant>: @function <library>: 
initialize <public,non-static,non-constant>: @function <library>: 
isA <public,non-static,non-constant>: @function <library>: 
new <public,non-static,non-constant>: @function <library>: 
operator!= <public,non-static,non-constant>: @function <library>: 
operator< <public,non-static,non-constant>: @function <library>: 
operator<= <public,non-static,non-constant>: @function <library>: 
operator<=> <public,non-static,non-constant>: @function <library>: 
operator== <public,non-static,non-constant>: @function <library>: 
operator> <public,non-static,non-constant>: @function <library>: 
operator>= <public,non-static,non-constant>: @function <library>: 
toBool <public,non-static,non-constant>: @function <library>: 
toString <public,non-static,non-constant>: @function <library>: 
]
