@object <Foo> [
bar <public,static,non-constant>: null
baz <public,non-static,non-constant>: null
compare <public,non-static,non-constant>: @function <library>: 
finalize <public,non-static,non-constant>: @function <library>: 
inherit <public,non-static,non-constant>: @function <library>: 
initialize <public,non-static,non-constant>: @function <library>: 
isA <public,non-static,non-constant>: @function <library>: 
mah <public,non-static,non-constant>: null
meh <public,non-static,constant>: @function <user>: n
muh <public,non-static,constant>: @int 2
new <public,non-static,non-constant>: @function <library>: 
operator_compare <public,non-static,non-constant>: @function <library>: 
operator_equals <public,non-static,non-constant>: @function <library>: 
operator_gt <public,non-static,non-constant>: @function <library>: 
operator_gte <public,non-static,non-constant>: @function <library>: 
operator_lt <public,non-static,non-constant>: @function <library>: 
operator_lte <public,non-static,non-constant>: @function <library>: 
operator_ne <public,non-static,non-constant>: @function <library>: 
toString <public,non-static,constant>: @function <user>: 
]
2
3
Cannot set constant member muh in object of type Foo: @Foo 3   2
Cannot set constant member muh in object of type Foo: @Foo 3   2
2
