It works!
Cannot convert String to Integer: EH notice
toInt does not return a int: EH notice
Cannot convert String to Integer: EH notice
toInt does not return a int: EH notice
There should have been several error messages on the lines before this one
test
test
This should print "testtest":
testtest
