%%stdout%%
@string "foo\nbar"
@string "foo'bar"
@string "foo\bar"
@string "foo
bar"
@string "foo
bar"
@string "foo	bar"
@string "foo\bar"
@string "foo"bar"
@string "foobar"
<SyntaxError: Unexpected escape character: x at line 1>
<SyntaxError: EH does not yet support Unicode escape sequences at line 1>
%%stderr%%
