@object <Tuple> [
finalize <public,non-static,non-constant>: @function <library>: 
inherit <public,non-static,non-constant>: @function <library>: 
initialize <public,non-static,non-constant>: @function <library>: 
isA <public,non-static,non-constant>: @function <library>: 
length <public,non-static,non-constant>: @function <library>: 
new <public,non-static,non-constant>: @function <library>: 
operator_arrow <public,non-static,non-constant>: @function <library>: 
toString <public,non-static,non-constant>: @function <library>: 
toTuple <public,non-static,non-constant>: @function <library>: 
]
@int 3
@bool true
@int 1
@string 'true'
@bool false
@tuple <3> [
@bool false
@array [
]
@int 42
]
