@object <Vector> [
finalize <public,non-static,non-constant>: @function <library>: 
get <private,non-static,non-constant>: @function <library>: 
inherit <public,non-static,non-constant>: @function <library>: 
initialize <public,non-static,non-constant>: @function <user>: 
isA <public,non-static,non-constant>: @function <library>: 
length <public,non-static,non-constant>: @function <library>: 
new <public,non-static,non-constant>: @function <library>: 
operator_arrow <public,non-static,non-constant>: @function <user>: index
operator_arrow_equals <public,non-static,non-constant>: @function <user>: value, index
toArray <public,non-static,non-constant>: @function <library>: 
toString <public,non-static,non-constant>: @function <library>: 
toTuple <public,non-static,non-constant>: @function <library>: 
xset <private,non-static,non-constant>: @function <library>: 
]
@int 42
@int 1
