(true)
Incorrect argument count for function ehlf_class_is: expected 2, got at least 0: EH runtime error
(false)
Incorrect argument count for function ehlf_class_is: expected 2, got at least 1: EH runtime error
(false)
Incorrect argument count for function ehlf_class_is: expected 2, got at least 3: EH runtime error
(false)
(false)
