@object <File> [
close <public,non-static,non-constant>: @function <library method>: 
foo <public,non-static,non-constant>: @string 'bar'
getc <public,non-static,non-constant>: @function <library method>: 
gets <public,non-static,non-constant>: @function <library method>: 
open <public,non-static,non-constant>: @function <library method>: 
puts <public,non-static,non-constant>: @function <library method>: 
]
