0
1
3
42
42
42
We just included a file
@object <Foo> [
bar <public,non-static,non-constant>: @function <user>: n
finalize <public,non-static,non-constant>: @function <library>: 
initialize <public,non-static,non-constant>: @function <library>: 
new <public,non-static,non-constant>: @function <library>: 
toString <public,non-static,non-constant>: @function <library>: 
]
@function <user>: n
