@object <Foo> [
baz <private,non-static,non-constant>: @int 42
useprivate <public,non-static,non-constant>: @function <user>: 
bar <public,non-static,non-constant>: @function <user>: 
]
@object <Foo> [
baz <private,non-static,non-constant>: @int 42
useprivate <public,non-static,non-constant>: @function <user>: 
bar <public,non-static,non-constant>: @function <user>: 
]
@int 42
(null)
